
> frontend@0.0.0 test
> vitest run


[7m[1m[36m RUN [39m[22m[27m [36mv1.6.1[39m [90mC:/Users/ASUS/OneDrive/Desktop/SDGP-Project/frontend[39m

