
> theatrex-backend@1.0.0 test
> node --experimental-vm-modules node_modules/jest/bin/jest.js backend/tests/surgeryController.test.js --verbose

node.exe : 
(node:12804) 
ExperimentalWarning: 
VM Modules is an 
experimental feature 
and might change at 
any time
At line:1 char:1
+ & "C:\Program 
Files\nodejs/node.exe" 
"C:\Program 
Files\nodejs/node_mo 
...
+ ~~~~~~~~~~~~~~~~~~~~~
~~~~~~~~~~~~~~~~~~~~~~~
~~~~~~~~~~~~~~~~~~~~~~~
~~
    + CategoryInfo     
         : NotSpecifi  
  ed: ((node:12804)    
 Ex...nge at any ti    
me:String) [], Rem    
oteException
    + FullyQualifiedEr 
   rorId : NativeComm  
  andError
 
(Use `node 
--trace-warnings ...` 
to show where the 
warning was created)
(node:12804) Warning: 
SECURITY WARNING: The 
SSL modes 'prefer', 
'require', and 
'verify-ca' are 
treated as aliases for 
'verify-full'.
In the next major 
version 
(pg-connection-string 
v3.0.0 and pg v9.0.0), 
these modes will adopt 
standard libpq 
semantics, which have 
weaker security 
guarantees.

To prepare for this 
change:
- If you want the 
current behavior, 
explicitly use 
'sslmode=verify-full'
- If you want libpq 
compatibility now, use 
'uselibpqcompat=true&ss
lmode=require'

See https://www.postgre
sql.org/docs/current/li
bpq-ssl.html for libpq 
SSL mode definitions.
FAIL tests/surgeryContr
oller.test.js (15.863 
s)
  Surgery API Tests
    POST /api/surgeries
      ΓêÜ should 
create a new surgery 
with valid data (308 
ms)
      ΓêÜ should 
reject surgery 
creation without 
authentication (19 ms)
      ├ù should reject 
surgery with missing 
required fields (180 
ms)
      ΓêÜ should 
reject surgery with 
invalid date format 
(201 ms)
      ΓêÜ should 
reject surgery with 
invalid time format 
(203 ms)
      ΓêÜ should 
reject surgery with 
invalid status (206 ms)
      ΓêÜ should 
reject surgery with 
invalid priority (124 
ms)
      ΓêÜ should 
reject surgery with 
negative duration (230 
ms)
      ΓêÜ should 
create emergency 
surgery successfully 
(259 ms)
      ΓêÜ should 
create urgent surgery 
successfully (304 ms)
    GET /api/surgeries
      ΓêÜ should 
return list of all 
surgeries (329 ms)
      ΓêÜ should 
return surgeries with 
nested surgeon data 
(397 ms)
      ΓêÜ should 
reject unauthenticated 
request (78 ms)
      ΓêÜ should 
return surgeries 
sorted by date (329 ms)
    GET 
/api/surgeries/:id
      ΓêÜ should 
return surgery by 
valid ID (677 ms)
      ΓêÜ should 
return 404 for 
non-existent surgery 
ID (235 ms)
      ΓêÜ should 
return 400 for invalid 
surgery ID format (202 
ms)
      ΓêÜ should 
return 400 for 
negative surgery ID 
(207 ms)
      ΓêÜ should 
reject unauthenticated 
request (12 ms)
      ΓêÜ should 
return surgery with 
complete data 
structure (500 ms)
    GET 
/api/surgeries/surgeons
      ΓêÜ should 
return list of 
surgeons (278 ms)
      ΓêÜ should 
return surgeons with 
correct structure (165 
ms)
      ΓêÜ should 
reject unauthenticated 
request (25 ms)
    Surgery Validation 
Middleware
      ΓêÜ should 
accept all valid 
statuses (1270 ms)
      ΓêÜ should 
accept all valid 
priorities (715 ms)
      ΓêÜ should 
validate patient age 
range (103 ms)
    Surgery RBAC Tests
      ΓêÜ should allow 
coordinator to create 
surgery (304 ms)
      ΓêÜ should deny 
nurse from creating 
surgery (168 ms)
      ΓêÜ should allow 
nurse to view 
surgeries (259 ms)
      ΓêÜ should allow 
nurse to view surgery 
by ID (489 ms)

  ΓùÅ Surgery API 
Tests ΓÇ║ POST 
/api/surgeries ΓÇ║ 
should reject surgery 
with missing required 
fields

    expect(received).to
BeDefined()

    Received: undefined

    [0m [90m 120 
|[39m
     [90m 121 |[39m  
           expect(respo
nse[33m.[39mbody[33m
.[39msuccess)[33m.[3
9mtoBe([36mfalse[39m)
[33m;[39m
    [31m[1m>[22m[39
m[90m 122 |[39m      
       expect(response
[33m.[39mbody[33m.[3
9merrors)[33m.[39mtoB
eDefined()[33m;[39m
     [90m     |[39m  
                       
                 
[31m[1m^[22m[39m
     [90m 123 |[39m  
       })[33m;[39m
     [90m 124 |[39m
     [90m 125 |[39m  
       it([32m'should 
reject surgery with 
invalid date format'[3
9m[33m,[39m 
[36masync[39m () 
[33m=>[39m {[0m

      at 
Object.<anonymous> (tes
ts/surgeryController.te
st.js:122:42)

Test Suites: 1 failed, 
1 total
Tests:       1 failed, 
29 passed, 30 total
Snapshots:   0 total
Time:        16.144 s
Ran all test suites 
matching /backend\\test
s\\surgeryController.te
st.js/i.
Jest did not exit one 
second after the test 
run has completed.

'This usually means 
that there are 
asynchronous 
operations that 
weren't stopped in 
your tests. Consider 
running Jest with 
`--detectOpenHandles` 
to troubleshoot this 
issue.
npm error Lifecycle 
script `test` failed 
with error:
npm error code 1
npm error path C:\Users
\ranas\Desktop\SDGP-Pro
ject\backend
npm error workspace 
theatrex-backend@1.0.0
npm error location C:\U
sers\ranas\Desktop\SDGP
-Project\backend
npm error command 
failed
npm error command C:\WI
NDOWS\system32\cmd.exe 
/d /s /c node --experim
ental-vm-modules node_m
odules/jest/bin/jest.js
 backend/tests/surgeryC
ontroller.test.js 
--verbose
